// Jest Snapshot v1, https://goo.gl/fbAQLP

exports[`<TemplateLibrary /> on initialization renders page correctly 1`] = `
<styled.div>
  <styled.div>
    <styled.p
      color="red"
    >
      Clause Templates
    </styled.p>
    <styled.div>
      <ImportComponent
        importInput={[MockFunction]}
      />
      <UploadComponent
        uploadInput={[MockFunction]}
      />
    </styled.div>
  </styled.div>
  <styled.div>
    <Styled(Input)
      className="icon"
      fluid={true}
      icon="search"
      onChange={[Function]}
      placeholder="Search..."
    />
    <NewClauseComponent
      addTempInput={[MockFunction]}
    />
  </styled.div>
  <styled.div>
    <TemplateCard
      addToCont={[MockFunction]}
      className="templateCard"
      key="ap://acceptance-of-delivery@0.11.0#311de48109cce10e6b2e33ef183ccce121886d0b76754d649d5054d1084f93cd"
      libraryProps={
        Object {
          "ACTION_BUTTON": "red",
          "ACTION_BUTTON_BG": "red",
          "ACTION_BUTTON_BORDER": "red",
          "HEADER_TITLE": "red",
          "TEMPLATE_BACKGROUND": "red",
          "TEMPLATE_DESCRIPTION": "red",
          "TEMPLATE_TITLE": "red",
        }
      }
      template={
        Object {
          "description": "This clause allows the receiver of goods to inspect them for a given time period after delivery.",
          "name": "acceptance-of-delivery",
          "uri": "ap://acceptance-of-delivery@0.11.0#311de48109cce10e6b2e33ef183ccce121886d0b76754d649d5054d1084f93cd",
          "version": "0.11.0",
        }
      }
    />
    <TemplateCard
      addToCont={[MockFunction]}
      className="templateCard"
      key="ap://car-rental-tr@0.8.0#1d6de2328745fe4bae726e0fb887fee6d3fbd00b3d717e30e38dc7bffd7222fa"
      libraryProps={
        Object {
          "ACTION_BUTTON": "red",
          "ACTION_BUTTON_BG": "red",
          "ACTION_BUTTON_BORDER": "red",
          "HEADER_TITLE": "red",
          "TEMPLATE_BACKGROUND": "red",
          "TEMPLATE_DESCRIPTION": "red",
          "TEMPLATE_TITLE": "red",
        }
      }
      template={
        Object {
          "description": "a Simple Car Rental Contract in Turkish Language",
          "name": "car-rental-tr",
          "uri": "ap://car-rental-tr@0.8.0#1d6de2328745fe4bae726e0fb887fee6d3fbd00b3d717e30e38dc7bffd7222fa",
          "version": "0.8.0",
        }
      }
    />
    <TemplateCard
      addToCont={[MockFunction]}
      className="templateCard"
      key="ap://copyright-license@0.12.0#55d73ab5dacc642d8a7cd0bc95c7da5580bd031e00b955616837abd50be08b6b"
      libraryProps={
        Object {
          "ACTION_BUTTON": "red",
          "ACTION_BUTTON_BG": "red",
          "ACTION_BUTTON_BORDER": "red",
          "HEADER_TITLE": "red",
          "TEMPLATE_BACKGROUND": "red",
          "TEMPLATE_DESCRIPTION": "red",
          "TEMPLATE_TITLE": "red",
        }
      }
      template={
        Object {
          "description": "This clause is a copyright license agreement.",
          "name": "copyright-license",
          "uri": "ap://copyright-license@0.12.0#55d73ab5dacc642d8a7cd0bc95c7da5580bd031e00b955616837abd50be08b6b",
          "version": "0.12.0",
        }
      }
    />
    <TemplateCard
      addToCont={[MockFunction]}
      className="templateCard"
      key="ap://demandforecast@0.11.0#ac252106feb1f685f5ecceb12b967bb8210ca5283660b5bf72aeb5b397342f87"
      libraryProps={
        Object {
          "ACTION_BUTTON": "red",
          "ACTION_BUTTON_BG": "red",
          "ACTION_BUTTON_BORDER": "red",
          "HEADER_TITLE": "red",
          "TEMPLATE_BACKGROUND": "red",
          "TEMPLATE_DESCRIPTION": "red",
          "TEMPLATE_TITLE": "red",
        }
      }
      template={
        Object {
          "description": "A sample demandforecast clause.",
          "name": "demandforecast",
          "uri": "ap://demandforecast@0.11.0#ac252106feb1f685f5ecceb12b967bb8210ca5283660b5bf72aeb5b397342f87",
          "version": "0.11.0",
        }
      }
    />
    <TemplateCard
      addToCont={[MockFunction]}
      className="templateCard"
      key="ap://docusign-connect@0.5.0#4b44811f4f3e4899c026c35f4180d6c555f9101e8fcca35a13ad09aa2e28b7f7"
      libraryProps={
        Object {
          "ACTION_BUTTON": "red",
          "ACTION_BUTTON_BG": "red",
          "ACTION_BUTTON_BORDER": "red",
          "HEADER_TITLE": "red",
          "TEMPLATE_BACKGROUND": "red",
          "TEMPLATE_DESCRIPTION": "red",
          "TEMPLATE_TITLE": "red",
        }
      }
      template={
        Object {
          "description": "Counts events from DocuSign connect with a given envelope status.",
          "name": "docusign-connect",
          "uri": "ap://docusign-connect@0.5.0#4b44811f4f3e4899c026c35f4180d6c555f9101e8fcca35a13ad09aa2e28b7f7",
          "version": "0.5.0",
        }
      }
    />
    <TemplateCard
      addToCont={[MockFunction]}
      className="templateCard"
      key="ap://eat-apples@0.8.0#5d04f0bb8698e1e7565e496aa97beb055b1f3e7fb353d0b0447aeaac59729ed2"
      libraryProps={
        Object {
          "ACTION_BUTTON": "red",
          "ACTION_BUTTON_BG": "red",
          "ACTION_BUTTON_BORDER": "red",
          "HEADER_TITLE": "red",
          "TEMPLATE_BACKGROUND": "red",
          "TEMPLATE_DESCRIPTION": "red",
          "TEMPLATE_TITLE": "red",
        }
      }
      template={
        Object {
          "description": "This is a clause enforcing healthy eating habits in employees.",
          "name": "eat-apples",
          "uri": "ap://eat-apples@0.8.0#5d04f0bb8698e1e7565e496aa97beb055b1f3e7fb353d0b0447aeaac59729ed2",
          "version": "0.8.0",
        }
      }
    />
  </styled.div>
</styled.div>
`;
