// Jest Snapshot v1, https://goo.gl/fbAQLP

exports[`<ContractEditor /> on initialization renders page correctly 1`] = `
<body>
  <div>
    <div
      class="ap-rich-text-editor"
      data-gramm="false"
      data-slate-editor="true"
      data-slate-node="value"
      spellcheck="true"
      style="outline: none; white-space: pre-wrap; word-wrap: break-word;"
    >
      <h1
        class="sc-htpNat kiiZDr"
        data-slate-node="element"
        id="Heading-One"
      >
        <span
          data-slate-node="text"
        >
          <span
            data-slate-leaf="true"
          >
            <span
              data-slate-string="true"
            >
              Heading One
            </span>
          </span>
        </span>
      </h1>
      <p>
        <span
          data-slate-node="text"
        >
          <span
            data-slate-leaf="true"
          >
            <span
              data-slate-string="true"
            >
              This is text. This is 
            </span>
          </span>
        </span>
        <span
          data-slate-node="text"
        >
          <span
            data-slate-leaf="true"
          >
            <em>
              <span
                data-slate-string="true"
              >
                italic
              </span>
            </em>
          </span>
        </span>
        <span
          data-slate-node="text"
        >
          <span
            data-slate-leaf="true"
          >
            <span
              data-slate-string="true"
            >
               text. This is 
            </span>
          </span>
        </span>
        <span
          data-slate-node="text"
        >
          <span
            data-slate-leaf="true"
          >
            <strong>
              <span
                data-slate-string="true"
              >
                bold
              </span>
            </strong>
          </span>
        </span>
        <span
          data-slate-node="text"
        >
          <span
            data-slate-leaf="true"
          >
            <span
              data-slate-string="true"
            >
               text. This is a 
            </span>
          </span>
        </span>
        <a
          href="https://clause.io"
        >
          <span
            data-slate-node="text"
          >
            <span
              data-slate-leaf="true"
            >
              <span
                data-slate-string="true"
              >
                link
              </span>
            </span>
          </span>
        </a>
        <span
          data-slate-node="text"
        >
          <span
            data-slate-leaf="true"
          >
            <span
              data-slate-string="true"
            >
              . This is 
            </span>
          </span>
        </span>
        <span
          data-slate-node="text"
        >
          <span
            data-slate-leaf="true"
          >
            <code>
              <span
                data-slate-string="true"
              >
                inline code
              </span>
            </code>
          </span>
        </span>
        <span
          data-slate-node="text"
        >
          <span
            data-slate-leaf="true"
          >
            <span
              data-slate-string="true"
            >
              . Fin.
            </span>
          </span>
        </span>
      </p>
    </div>
  </div>
</body>
`;
