// Jest Snapshot v1, https://goo.gl/fbAQLP

exports[`<ClauseComponent /> on initialization renders page correctly 1`] = `
<styled.div
  id="721d1aa0999a5d278653e211ae2a64b75fdd8ca6fa1f34255533c942404c5c1f"
  onMouseEnter={[Function]}
  onMouseLeave={[Function]}
>
  <styled.div />
  <styled.div
    currentHover={false}
  >
    ACCEPTANCE OF DELIVERYundefined
  </styled.div>
  <styled.div
    currentHover={false}
  >
    <styled.svg
      aria-label={[Function]}
      height="19px"
      onClick={[Function]}
      viewBox="0 0 12 15"
      width="15px"
    >
      <g
        fillRule="evenodd"
        id="Page-1"
        stroke="none"
        strokeWidth="1"
      >
        <g
          fillRule="nonzero"
          id="add/remove-files-expanded"
          transform="translate(-222.000000, -602.000000)"
        >
          <path
            d="M233.913531,604.599251 C234.037294,605.044944 234.082298,605 233.669757,604.996255 L222.328624,604.996255 C221.916083,604.996255 221.964838,605.044944 222.08485,604.599251 C222.178609,604.265918 222.223614,604.11236 222.223614,604.11236 C222.321123,603.764045 222.583649,603.730337 222.947436,603.670412 L224.942635,603.419476 C225.19016,603.374532 225.19016,603.374532 225.28767,603.164794 C225.613952,602.426966 225.711462,602 226.067748,602 L229.930633,602 C230.286919,602 230.388179,602.426966 230.714462,603.161049 C230.811971,603.374532 230.811971,603.374532 231.059496,603.41573 L233.050945,603.666667 C233.418482,603.726592 233.666007,603.726592 233.763516,604.074906 C233.763516,604.074906 233.823522,604.262172 233.913531,604.599251 Z M232.684263,606.808989 C233.306825,606.808989 233.336828,606.88764 233.299324,607.359551 L232.598004,616.445693 C232.537998,616.906367 232.492993,617 231.941688,617 L224.170912,617 C223.619607,617 223.574603,616.906367 223.514597,616.445693 L222.813277,607.359551 C222.775773,606.891386 222.805776,606.808989 223.428338,606.808989 L232.684263,606.808989 Z"
            id="trash"
          />
           
        </g>
      </g>
    </styled.svg>
  </styled.div>
  <styled.div />
</styled.div>
`;
