// Jest Snapshot v1, https://goo.gl/fbAQLP

exports[`<ClauseEditor /> on initialization renders page correctly 1`] = `
<div>
  <ForwardRef
    lockText={true}
    onChange={[Function]}
    showEditButton={true}
    value={null}
  />
  <ParseResult
    parseResult={null}
  />
</div>
`;
